Archive member included to satisfy reference by file (symbol)

c:/program files/stm32cubeide_1.6.1/stm32cubeide/plugins/com.st.stm32cube.ide.mcu.externaltools.gnu-tools-for-stm32.9-2020-q2-update.win32_1.5.0.202011040924/tools/bin/../lib/gcc/arm-none-eabi/9.3.1/../../../../arm-none-eabi/lib/thumb/v6-m/nofp\libc_nano.a(lib_a-errno.o)
                              Core/Src/syscalls.o (__errno)
c:/program files/stm32cubeide_1.6.1/stm32cubeide/plugins/com.st.stm32cube.ide.mcu.externaltools.gnu-tools-for-stm32.9-2020-q2-update.win32_1.5.0.202011040924/tools/bin/../lib/gcc/arm-none-eabi/9.3.1/../../../../arm-none-eabi/lib/thumb/v6-m/nofp\libc_nano.a(lib_a-exit.o)
                              c:/program files/stm32cubeide_1.6.1/stm32cubeide/plugins/com.st.stm32cube.ide.mcu.externaltools.gnu-tools-for-stm32.9-2020-q2-update.win32_1.5.0.202011040924/tools/bin/../lib/gcc/arm-none-eabi/9.3.1/../../../../arm-none-eabi/lib/thumb/v6-m/nofp/crt0.o (exit)
c:/program files/stm32cubeide_1.6.1/stm32cubeide/plugins/com.st.stm32cube.ide.mcu.externaltools.gnu-tools-for-stm32.9-2020-q2-update.win32_1.5.0.202011040924/tools/bin/../lib/gcc/arm-none-eabi/9.3.1/../../../../arm-none-eabi/lib/thumb/v6-m/nofp\libc_nano.a(lib_a-impure.o)
                              c:/program files/stm32cubeide_1.6.1/stm32cubeide/plugins/com.st.stm32cube.ide.mcu.externaltools.gnu-tools-for-stm32.9-2020-q2-update.win32_1.5.0.202011040924/tools/bin/../lib/gcc/arm-none-eabi/9.3.1/../../../../arm-none-eabi/lib/thumb/v6-m/nofp\libc_nano.a(lib_a-exit.o) (_global_impure_ptr)
c:/program files/stm32cubeide_1.6.1/stm32cubeide/plugins/com.st.stm32cube.ide.mcu.externaltools.gnu-tools-for-stm32.9-2020-q2-update.win32_1.5.0.202011040924/tools/bin/../lib/gcc/arm-none-eabi/9.3.1/../../../../arm-none-eabi/lib/thumb/v6-m/nofp\libc_nano.a(lib_a-init.o)
                              c:/program files/stm32cubeide_1.6.1/stm32cubeide/plugins/com.st.stm32cube.ide.mcu.externaltools.gnu-tools-for-stm32.9-2020-q2-update.win32_1.5.0.202011040924/tools/bin/../lib/gcc/arm-none-eabi/9.3.1/../../../../arm-none-eabi/lib/thumb/v6-m/nofp/crt0.o (__libc_init_array)
c:/program files/stm32cubeide_1.6.1/stm32cubeide/plugins/com.st.stm32cube.ide.mcu.externaltools.gnu-tools-for-stm32.9-2020-q2-update.win32_1.5.0.202011040924/tools/bin/../lib/gcc/arm-none-eabi/9.3.1/../../../../arm-none-eabi/lib/thumb/v6-m/nofp\libc_nano.a(lib_a-memset.o)
                              c:/program files/stm32cubeide_1.6.1/stm32cubeide/plugins/com.st.stm32cube.ide.mcu.externaltools.gnu-tools-for-stm32.9-2020-q2-update.win32_1.5.0.202011040924/tools/bin/../lib/gcc/arm-none-eabi/9.3.1/../../../../arm-none-eabi/lib/thumb/v6-m/nofp/crt0.o (memset)
c:/program files/stm32cubeide_1.6.1/stm32cubeide/plugins/com.st.stm32cube.ide.mcu.externaltools.gnu-tools-for-stm32.9-2020-q2-update.win32_1.5.0.202011040924/tools/bin/../lib/gcc/arm-none-eabi/9.3.1/../../../../arm-none-eabi/lib/thumb/v6-m/nofp\libc_nano.a(lib_a-qsort.o)
                              Core/Src/main.o (qsort)
c:/program files/stm32cubeide_1.6.1/stm32cubeide/plugins/com.st.stm32cube.ide.mcu.externaltools.gnu-tools-for-stm32.9-2020-q2-update.win32_1.5.0.202011040924/tools/bin/../lib/gcc/arm-none-eabi/9.3.1/../../../../arm-none-eabi/lib/thumb/v6-m/nofp\libm.a(lib_a-s_round.o)
                              Core/Src/display.o (round)
c:/program files/stm32cubeide_1.6.1/stm32cubeide/plugins/com.st.stm32cube.ide.mcu.externaltools.gnu-tools-for-stm32.9-2020-q2-update.win32_1.5.0.202011040924/tools/bin/../lib/gcc/arm-none-eabi/9.3.1/thumb/v6-m/nofp\libgcc.a(_udivsi3.o)
                              Core/Src/system_stm32g0xx.o (__aeabi_uidiv)
c:/program files/stm32cubeide_1.6.1/stm32cubeide/plugins/com.st.stm32cube.ide.mcu.externaltools.gnu-tools-for-stm32.9-2020-q2-update.win32_1.5.0.202011040924/tools/bin/../lib/gcc/arm-none-eabi/9.3.1/thumb/v6-m/nofp\libgcc.a(_divsi3.o)
                              Core/Src/display.o (__aeabi_idiv)
c:/program files/stm32cubeide_1.6.1/stm32cubeide/plugins/com.st.stm32cube.ide.mcu.externaltools.gnu-tools-for-stm32.9-2020-q2-update.win32_1.5.0.202011040924/tools/bin/../lib/gcc/arm-none-eabi/9.3.1/thumb/v6-m/nofp\libgcc.a(_dvmd_tls.o)
                              c:/program files/stm32cubeide_1.6.1/stm32cubeide/plugins/com.st.stm32cube.ide.mcu.externaltools.gnu-tools-for-stm32.9-2020-q2-update.win32_1.5.0.202011040924/tools/bin/../lib/gcc/arm-none-eabi/9.3.1/thumb/v6-m/nofp\libgcc.a(_udivsi3.o) (__aeabi_idiv0)
c:/program files/stm32cubeide_1.6.1/stm32cubeide/plugins/com.st.stm32cube.ide.mcu.externaltools.gnu-tools-for-stm32.9-2020-q2-update.win32_1.5.0.202011040924/tools/bin/../lib/gcc/arm-none-eabi/9.3.1/thumb/v6-m/nofp\libgcc.a(_muldi3.o)
                              Core/Src/main.o (__aeabi_lmul)
c:/program files/stm32cubeide_1.6.1/stm32cubeide/plugins/com.st.stm32cube.ide.mcu.externaltools.gnu-tools-for-stm32.9-2020-q2-update.win32_1.5.0.202011040924/tools/bin/../lib/gcc/arm-none-eabi/9.3.1/thumb/v6-m/nofp\libgcc.a(adddf3.o)
[...]
Memory Configuration

Name             Origin             Length             Attributes
RAM              0x0000000020000000 0x0000000000002000 xrw
FLASH            0x0000000008000000 0x0000000000010000 xr
*default*        0x0000000000000000 0xffffffffffffffff

Linker script and memory map

LOAD c:/program files/stm32cubeide_1.6.1/stm32cubeide/plugins/com.st.stm32cube.ide.mcu.externaltools.gnu-tools-for-stm32.9-2020-q2-update.win32_1.5.0.202011040924/tools/bin/../lib/gcc/arm-none-eabi/9.3.1/thumb/v6-m/nofp/crti.o
LOAD c:/program files/stm32cubeide_1.6.1/stm32cubeide/plugins/com.st.stm32cube.ide.mcu.externaltools.gnu-tools-for-stm32.9-2020-q2-update.win32_1.5.0.202011040924/tools/bin/../lib/gcc/arm-none-eabi/9.3.1/thumb/v6-m/nofp/crtbegin.o
LOAD c:/program files/stm32cubeide_1.6.1/stm32cubeide/plugins/com.st.stm32cube.ide.mcu.externaltools.gnu-tools-for-stm32.9-2020-q2-update.win32_1.5.0.202011040924/tools/bin/../lib/gcc/arm-none-eabi/9.3.1/../../../../arm-none-eabi/lib/thumb/v6-m/nofp/crt0.o
LOAD Core/Src/display.o
LOAD Core/Src/main.o
LOAD Core/Src/stm32g0xx_hal_msp.o
LOAD Core/Src/stm32g0xx_it.o
LOAD Core/Src/syscalls.o
LOAD Core/Src/sysmem.o
LOAD Core/Src/system_stm32g0xx.o
LOAD Core/Startup/startup_stm32g030c8tx.o
LOAD Drivers/STM32G0xx_HAL_Driver/Src/stm32g0xx_hal.o
LOAD Drivers/STM32G0xx_HAL_Driver/Src/stm32g0xx_hal_adc.o
LOAD Drivers/STM32G0xx_HAL_Driver/Src/stm32g0xx_hal_adc_ex.o
LOAD Drivers/STM32G0xx_HAL_Driver/Src/stm32g0xx_hal_cortex.o
LOAD Drivers/STM32G0xx_HAL_Driver/Src/stm32g0xx_hal_dma.o
LOAD Drivers/STM32G0xx_HAL_Driver/Src/stm32g0xx_hal_dma_ex.o
LOAD Drivers/STM32G0xx_HAL_Driver/Src/stm32g0xx_hal_exti.o
LOAD Drivers/STM32G0xx_HAL_Driver/Src/stm32g0xx_hal_flash.o
LOAD Drivers/STM32G0xx_HAL_Driver/Src/stm32g0xx_hal_flash_ex.o
LOAD Drivers/STM32G0xx_HAL_Driver/Src/stm32g0xx_hal_gpio.o
LOAD Drivers/STM32G0xx_HAL_Driver/Src/stm32g0xx_hal_pwr.o
LOAD Drivers/STM32G0xx_HAL_Driver/Src/stm32g0xx_hal_pwr_ex.o
LOAD Drivers/STM32G0xx_HAL_Driver/Src/stm32g0xx_hal_rcc.o
LOAD Drivers/STM32G0xx_HAL_Driver/Src/stm32g0xx_hal_rcc_ex.o
LOAD Drivers/STM32G0xx_HAL_Driver/Src/stm32g0xx_hal_tim.o
LOAD Drivers/STM32G0xx_HAL_Driver/Src/stm32g0xx_hal_tim_ex.o
LOAD Drivers/STM32G0xx_HAL_Driver/Src/stm32g0xx_ll_adc.o
LOAD Drivers/STM32G0xx_HAL_Driver/Src/stm32g0xx_ll_dma.o
LOAD Drivers/STM32G0xx_HAL_Driver/Src/stm32g0xx_ll_rcc.o
START GROUP
LOAD c:/program files/stm32cubeide_1.6.1/stm32cubeide/plugins/com.st.stm32cube.ide.mcu.externaltools.gnu-tools-for-stm32.9-2020-q2-update.win32_1.5.0.202011040924/tools/bin/../lib/gcc/arm-none-eabi/9.3.1/../../../../arm-none-eabi/lib/thumb/v6-m/nofp\libc_nano.a
LOAD c:/program files/stm32cubeide_1.6.1/stm32cubeide/plugins/com.st.stm32cube.ide.mcu.externaltools.gnu-tools-for-stm32.9-2020-q2-update.win32_1.5.0.202011040924/tools/bin/../lib/gcc/arm-none-eabi/9.3.1/../../../../arm-none-eabi/lib/thumb/v6-m/nofp\libm.a
END GROUP
START GROUP
LOAD c:/program files/stm32cubeide_1.6.1/stm32cubeide/plugins/com.st.stm32cube.ide.mcu.externaltools.gnu-tools-for-stm32.9-2020-q2-update.win32_1.5.0.202011040924/tools/bin/../lib/gcc/arm-none-eabi/9.3.1/thumb/v6-m/nofp\libgcc.a
LOAD c:/program files/stm32cubeide_1.6.1/stm32cubeide/plugins/com.st.stm32cube.ide.mcu.externaltools.gnu-tools-for-stm32.9-2020-q2-update.win32_1.5.0.202011040924/tools/bin/../lib/gcc/arm-none-eabi/9.3.1/../../../../arm-none-eabi/lib/thumb/v6-m/nofp\libc_nano.a
END GROUP
START GROUP
LOAD c:/program files/stm32cubeide_1.6.1/stm32cubeide/plugins/com.st.stm32cube.ide.mcu.externaltools.gnu-tools-for-stm32.9-2020-q2-update.win32_1.5.0.202011040924/tools/bin/../lib/gcc/arm-none-eabi/9.3.1/thumb/v6-m/nofp\libgcc.a
LOAD c:/program files/stm32cubeide_1.6.1/stm32cubeide/plugins/com.st.stm32cube.ide.mcu.externaltools.gnu-tools-for-stm32.9-2020-q2-update.win32_1.5.0.202011040924/tools/bin/../lib/gcc/arm-none-eabi/9.3.1/../../../../arm-none-eabi/lib/thumb/v6-m/nofp\libc_nano.a
LOAD c:/program files/stm32cubeide_1.6.1/stm32cubeide/plugins/com.st.stm32cube.ide.mcu.externaltools.gnu-tools-for-stm32.9-2020-q2-update.win32_1.5.0.202011040924/tools/bin/../lib/gcc/arm-none-eabi/9.3.1/../../../../arm-none-eabi/lib/thumb/v6-m/nofp\libnosys.a
END GROUP
START GROUP
LOAD c:/program files/stm32cubeide_1.6.1/stm32cubeide/plugins/com.st.stm32cube.ide.mcu.externaltools.gnu-tools-for-stm32.9-2020-q2-update.win32_1.5.0.202011040924/tools/bin/../lib/gcc/arm-none-eabi/9.3.1/thumb/v6-m/nofp\libgcc.a
LOAD c:/program files/stm32cubeide_1.6.1/stm32cubeide/plugins/com.st.stm32cube.ide.mcu.externaltools.gnu-tools-for-stm32.9-2020-q2-update.win32_1.5.0.202011040924/tools/bin/../lib/gcc/arm-none-eabi/9.3.1/../../../../arm-none-eabi/lib/thumb/v6-m/nofp\libc_nano.a
LOAD c:/program files/stm32cubeide_1.6.1/stm32cubeide/plugins/com.st.stm32cube.ide.mcu.externaltools.gnu-tools-for-stm32.9-2020-q2-update.win32_1.5.0.202011040924/tools/bin/../lib/gcc/arm-none-eabi/9.3.1/../../../../arm-none-eabi/lib/thumb/v6-m/nofp\libnosys.a
END GROUP
LOAD c:/program files/stm32cubeide_1.6.1/stm32cubeide/plugins/com.st.stm32cube.ide.mcu.externaltools.gnu-tools-for-stm32.9-2020-q2-update.win32_1.5.0.202011040924/tools/bin/../lib/gcc/arm-none-eabi/9.3.1/thumb/v6-m/nofp/crtend.o
LOAD c:/program files/stm32cubeide_1.6.1/stm32cubeide/plugins/com.st.stm32cube.ide.mcu.externaltools.gnu-tools-for-stm32.9-2020-q2-update.win32_1.5.0.202011040924/tools/bin/../lib/gcc/arm-none-eabi/9.3.1/thumb/v6-m/nofp/crtn.o
                0x0000000020002000                _estack = (ORIGIN (RAM) + LENGTH (RAM))
                0x0000000000000200                _Min_Heap_Size = 0x200
                0x0000000000000400                _Min_Stack_Size = 0x400

.isr_vector     0x0000000008000000       0xb8
                0x0000000008000000                . = ALIGN (0x4)
 *(.isr_vector)
 .isr_vector    0x0000000008000000       0xb8 Core/Startup/startup_stm32g030c8tx.o
                0x0000000008000000                g_pfnVectors
                0x00000000080000b8                . = ALIGN (0x4)

.text           0x00000000080000b8     0x62f4
                0x00000000080000b8                . = ALIGN (0x4)
 *(.text)
 .text          0x00000000080000b8       0x48 c:/program files/stm32cubeide_1.6.1/stm32cubeide/plugins/com.st.stm32cube.ide.mcu.externaltools.gnu-tools-for-stm32.9-2020-q2-update.win32_1.5.0.202011040924/tools/bin/../lib/gcc/arm-none-eabi/9.3.1/thumb/v6-m/nofp/crtbegin.o
 .text          0x0000000008000100      0x114 c:/program files/stm32cubeide_1.6.1/stm32cubeide/plugins/com.st.stm32cube.ide.mcu.externaltools.gnu-tools-for-stm32.9-2020-q2-update.win32_1.5.0.202011040924/tools/bin/../lib/gcc/arm-none-eabi/9.3.1/thumb/v6-m/nofp\libgcc.a(_udivsi3.o)
                0x0000000008000100                __aeabi_uidiv
                0x0000000008000100                __udivsi3
                0x000000000800020c                __aeabi_uidivmod
 .text          0x0000000008000214      0x1d4 c:/program files/stm32cubeide_1.6.1/stm32cubeide/plugins/com.st.stm32cube.ide.mcu.externaltools.gnu-tools-for-stm32.9-2020-q2-update.win32_1.5.0.202011040924/tools/bin/../lib/gcc/arm-none-eabi/9.3.1/thumb/v6-m/nofp\libgcc.a(_divsi3.o)
                0x0000000008000214                __divsi3
                0x0000000008000214                __aeabi_idiv
                0x00000000080003e0                __aeabi_idivmod
 .text          0x00000000080003e8        0x4 c:/program files/stm32cubeide_1.6.1/stm32cubeide/plugins/com.st.stm32cube.ide.mcu.externaltools.gnu-tools-for-stm32.9-2020-q2-update.win32_1.5.0.202011040924/tools/bin/../lib/gcc/arm-none-eabi/9.3.1/thumb/v6-m/nofp\libgcc.a(_dvmd_tls.o)
                0x00000000080003e8                __aeabi_idiv0
                0x00000000080003e8                __aeabi_ldiv0
 .text          0x00000000080003ec       0x50 c:/program files/stm32cubeide_1.6.1/stm32cubeide/plugins/com.st.stm32cube.ide.mcu.externaltools.gnu-tools-for-stm32.9-2020-q2-update.win32_1.5.0.202011040924/tools/bin/../lib/gcc/arm-none-eabi/9.3.1/thumb/v6-m/nofp\libgcc.a(_muldi3.o)
                0x00000000080003ec                __muldi3
                0x00000000080003ec                __aeabi_lmul
 .text          0x000000000800043c      0x6d4 c:/program files/stm32cubeide_1.6.1/stm32cubeide/plugins/com.st.stm32cube.ide.mcu.externaltools.gnu-tools-for-stm32.9-2020-q2-update.win32_1.5.0.202011040924/tools/bin/../lib/gcc/arm-none-eabi/9.3.1/thumb/v6-m/nofp\libgcc.a(adddf3.o)
                0x000000000800043c                __aeabi_dadd
 .text          0x0000000008000b10      0x5d0 c:/program files/stm32cubeide_1.6.1/stm32cubeide/plugins/com.st.stm32cube.ide.mcu.externaltools.gnu-tools-for-stm32.9-2020-q2-update.win32_1.5.0.202011040924/tools/bin/../lib/gcc/arm-none-eabi/9.3.1/thumb/v6-m/nofp\libgcc.a(divdf3.o)
                0x0000000008000b10                __aeabi_ddiv
 .text          0x00000000080010e0      0x4d8 c:/program files/stm32cubeide_1.6.1/stm32cubeide/plugins/com.st.stm32cube.ide.mcu.externaltools.gnu-tools-for-stm32.9-2020-q2-update.win32_1.5.0.202011040924/tools/bin/../lib/gcc/arm-none-eabi/9.3.1/thumb/v6-m/nofp\libgcc.a(muldf3.o)
                0x00000000080010e0                __aeabi_dmul
 .text          0x00000000080015b8      0x724 c:/program files/stm32cubeide_1.6.1/stm32cubeide/plugins/com.st.stm32cube.ide.mcu.externaltools.gnu-tools-for-stm32.9-2020-q2-update.win32_1.5.0.202011040924/tools/bin/../lib/gcc/arm-none-eabi/9.3.1/thumb/v6-m/nofp\libgcc.a(subdf3.o)
                0x00000000080015b8                __aeabi_dsub
 .text          0x0000000008001cdc       0x6c c:/program files/stm32cubeide_1.6.1/stm32cubeide/plugins/com.st.stm32cube.ide.mcu.externaltools.gnu-tools-for-stm32.9-2020-q2-update.win32_1.5.0.202011040924/tools/bin/../lib/gcc/arm-none-eabi/9.3.1/thumb/v6-m/nofp\libgcc.a(fixdfsi.o)
                0x0000000008001cdc                __aeabi_d2iz
 .text          0x0000000008001d48       0x60 c:/program files/stm32cubeide_1.6.1/stm32cubeide/plugins/com.st.stm32cube.ide.mcu.externaltools.gnu-tools-for-stm32.9-2020-q2-update.win32_1.5.0.202011040924/tools/bin/../lib/gcc/arm-none-eabi/9.3.1/thumb/v6-m/nofp\libgcc.a(floatsidf.o)
                0x0000000008001d48                __aeabi_i2d
 .text          0x0000000008001da8       0x4c c:/program files/stm32cubeide_1.6.1/stm32cubeide/plugins/com.st.stm32cube.ide.mcu.externaltools.gnu-tools-for-stm32.9-2020-q2-update.win32_1.5.0.202011040924/tools/bin/../lib/gcc/arm-none-eabi/9.3.1/thumb/v6-m/nofp\libgcc.a(floatunsidf.o)
                0x0000000008001da8                __aeabi_ui2d
 .text          0x0000000008001df4       0x3c c:/program files/stm32cubeide_1.6.1/stm32cubeide/plugins/com.st.stm32cube.ide.mcu.externaltools.gnu-tools-for-stm32.9-2020-q2-update.win32_1.5.0.202011040924/tools/bin/../lib/gcc/arm-none-eabi/9.3.1/thumb/v6-m/nofp\libgcc.a(_clzsi2.o)
                0x0000000008001df4                __clzsi2
 *(.text*)
 .text.display_d1
                0x0000000008001e30       0x28 Core/Src/display.o
                0x0000000008001e30                display_d1
 .text.display_d2
                0x0000000008001e58       0x28 Core/Src/display.o
                0x0000000008001e58                display_d2
 .text.display_d3
                0x0000000008001e80       0x28 Core/Src/display.o
                0x0000000008001e80                display_d3
 .text.display_d4
                0x0000000008001ea8       0x28 Core/Src/display.o
                0x0000000008001ea8                display_d4
 .text.display_d5
                0x0000000008001ed0       0x28 Core/Src/display.o
                0x0000000008001ed0                display_d5
 .text.display_a
                0x0000000008001ef8       0x28 Core/Src/display.o
                0x0000000008001ef8                display_a
 .text.display_b
                0x0000000008001f20       0x24 Core/Src/display.o
                0x0000000008001f20                display_b
 .text.display_c
                0x0000000008001f44       0x24 Core/Src/display.o
                0x0000000008001f44                display_c
 .text.display_d
                0x0000000008001f68       0x24 Core/Src/display.o
                0x0000000008001f68                display_d
 .text.display_e
                0x0000000008001f8c       0x24 Core/Src/display.o
                0x0000000008001f8c                display_e
 .text.display_f
                0x0000000008001fb0       0x24 Core/Src/display.o
                0x0000000008001fb0                display_f
 .text.display_g
                0x0000000008001fd4       0x24 Core/Src/display.o
                0x0000000008001fd4                display_g
 .text.display_dp
                0x0000000008001ff8       0x24 Core/Src/display.o
                0x0000000008001ff8                display_dp
 .text.display_number
                0x000000000800201c      0x408 Core/Src/display.o
                0x000000000800201c                display_number
 .text.display_channel
                0x0000000008002424      0x294 Core/Src/display.o
                0x0000000008002424                display_channel
 .text.display  0x00000000080026b8      0x260 Core/Src/display.o
                0x00000000080026b8                display
 .text.filter   0x0000000008002918       0x8c Core/Src/main.o
                0x0000000008002918                filter
 .text.compare  0x00000000080029a4       0x1c Core/Src/main.o
                0x00000000080029a4                compare
 .text.filterFMFrequency
                0x00000000080029c0       0x58 Core/Src/main.o
                0x00000000080029c0                filterFMFrequency
 .text.filterAMFrequency
                0x0000000008002a18       0x58 Core/Src/main.o
                0x0000000008002a18                filterAMFrequency
 .text.getCalibrationValue
                0x0000000008002a70       0x9c Core/Src/main.o
                0x0000000008002a70                getCalibrationValue
 .text.HAL_TIM_PeriodElapsedCallback
                0x0000000008002b0c      0x2e0 Core/Src/main.o
                0x0000000008002b0c                HAL_TIM_PeriodElapsedCallback
 .text.main     0x0000000008002dec       0xb4 Core/Src/main.o
                0x0000000008002dec                main
 .text.SystemClock_Config
                0x0000000008002ea0       0xd8 Core/Src/main.o
                0x0000000008002ea0                SystemClock_Config
 .text.MX_ADC1_Init
                0x0000000008002f78       0xd4 Core/Src/main.o
 .text.MX_TIM1_Init
                0x000000000800304c       0xc8 Core/Src/main.o
 .text.MX_TIM3_Init
                0x0000000008003114       0xbc Core/Src/main.o
 .text.MX_TIM14_Init
                0x00000000080031d0       0x4c Core/Src/main.o
 .text.MX_TIM16_Init
                0x000000000800321c       0x50 Core/Src/main.o
 .text.MX_TIM17_Init
                0x000000000800326c       0x50 Core/Src/main.o
 .text.MX_GPIO_Init
                0x00000000080032bc      0x110 Core/Src/main.o
 .text.Error_Handler
                0x00000000080033cc        0xa Core/Src/main.o
                0x00000000080033cc                Error_Handler
 *fill*         0x00000000080033d6        0x2 
 .text.HAL_MspInit
                0x00000000080033d8       0x48 Core/Src/stm32g0xx_hal_msp.o
                0x00000000080033d8                HAL_MspInit
 .text.HAL_ADC_MspInit
                0x0000000008003420       0x88 Core/Src/stm32g0xx_hal_msp.o
                0x0000000008003420                HAL_ADC_MspInit
 .text.HAL_TIM_Base_MspInit
                0x00000000080034a8      0x1dc Core/Src/stm32g0xx_hal_msp.o
                0x00000000080034a8                HAL_TIM_Base_MspInit
 .text.NMI_Handler
                0x0000000008003684        0x6 Core/Src/stm32g0xx_it.o
                0x0000000008003684                NMI_Handler
 .text.HardFault_Handler
                0x000000000800368a        0x6 Core/Src/stm32g0xx_it.o
                0x000000000800368a                HardFault_Handler
 .text.SVC_Handler
                0x0000000008003690        0xa Core/Src/stm32g0xx_it.o
                0x0000000008003690                SVC_Handler
 .text.PendSV_Handler
                0x000000000800369a        0xa Core/Src/stm32g0xx_it.o
                0x000000000800369a                PendSV_Handler
 .text.SysTick_Handler
                0x00000000080036a4        0xe Core/Src/stm32g0xx_it.o
                0x00000000080036a4                SysTick_Handler
 *fill*         0x00000000080036b2        0x2 
 .text.TIM1_BRK_UP_TRG_COM_IRQHandler
                0x00000000080036b4       0x18 Core/Src/stm32g0xx_it.o
                0x00000000080036b4                TIM1_BRK_UP_TRG_COM_IRQHandler
 .text.TIM1_CC_IRQHandler
                0x00000000080036cc       0x18 Core/Src/stm32g0xx_it.o
                0x00000000080036cc                TIM1_CC_IRQHandler
 .text.TIM14_IRQHandler
                0x00000000080036e4       0x18 Core/Src/stm32g0xx_it.o
                0x00000000080036e4                TIM14_IRQHandler
 .text.TIM16_IRQHandler
                0x00000000080036fc       0x18 Core/Src/stm32g0xx_it.o
                0x00000000080036fc                TIM16_IRQHandler
 .text.TIM17_IRQHandler
                0x0000000008003714       0x18 Core/Src/stm32g0xx_it.o
                0x0000000008003714                TIM17_IRQHandler
 .text.SystemInit
                0x000000000800372c       0x18 Core/Src/system_stm32g0xx.o
                0x000000000800372c                SystemInit
 .text.Reset_Handler
                0x0000000008003744       0x50 Core/Startup/startup_stm32g030c8tx.o
                0x0000000008003744                Reset_Handler
 .text.Default_Handler
                0x0000000008003794        0x2 Core/Startup/startup_stm32g030c8tx.o
                0x0000000008003794                I2C1_IRQHandler
                0x0000000008003794                RTC_TAMP_IRQHandler
                0x0000000008003794                SPI1_IRQHandler
                0x0000000008003794                DMA1_Ch4_5_DMAMUX1_OVR_IRQHandler
                0x0000000008003794                EXTI2_3_IRQHandler
                0x0000000008003794                ADC1_IRQHandler
                0x0000000008003794                I2C2_IRQHandler
                0x0000000008003794                TIM3_IRQHandler
                0x0000000008003794                EXTI4_15_IRQHandler
                0x0000000008003794                RCC_IRQHandler
                0x0000000008003794                DMA1_Channel1_IRQHandler
                0x0000000008003794                Default_Handler
                0x0000000008003794                EXTI0_1_IRQHandler
                0x0000000008003794                SPI2_IRQHandler
                0x0000000008003794                WWDG_IRQHandler
                0x0000000008003794                DMA1_Channel2_3_IRQHandler
                0x0000000008003794                USART2_IRQHandler
                0x0000000008003794                FLASH_IRQHandler
                0x0000000008003794                USART1_IRQHandler
 *fill*         0x0000000008003796        0x2 
 .text.HAL_Init
                0x0000000008003798       0x40 Drivers/STM32G0xx_HAL_Driver/Src/stm32g0xx_hal.o
                0x0000000008003798                HAL_Init
 .text.HAL_InitTick
                0x00000000080037d8       0x94 Drivers/STM32G0xx_HAL_Driver/Src/stm32g0xx_hal.o
                0x00000000080037d8                HAL_InitTick
 .text.HAL_IncTick
                0x000000000800386c       0x24 Drivers/STM32G0xx_HAL_Driver/Src/stm32g0xx_hal.o
                0x000000000800386c                HAL_IncTick
 .text.HAL_GetTick
                0x0000000008003890       0x14 Drivers/STM32G0xx_HAL_Driver/Src/stm32g0xx_hal.o
                0x0000000008003890                HAL_GetTick
 .text.HAL_Delay
                0x00000000080038a4       0x48 Drivers/STM32G0xx_HAL_Driver/Src/stm32g0xx_hal.o
                0x00000000080038a4                HAL_Delay
 .text.LL_ADC_SetCommonPathInternalCh
                0x00000000080038ec       0x28 Drivers/STM32G0xx_HAL_Driver/Src/stm32g0xx_hal_adc.o
 .text.LL_ADC_GetCommonPathInternalCh
                0x0000000008003914       0x1a Drivers/STM32G0xx_HAL_Driver/Src/stm32g0xx_hal_adc.o
 .text.LL_ADC_SetSamplingTimeCommonChannels
                0x000000000800392e       0x3a Drivers/STM32G0xx_HAL_Driver/Src/stm32g0xx_hal_adc.o
 .text.LL_ADC_REG_IsTriggerSourceSWStart
                0x0000000008003968       0x22 Drivers/STM32G0xx_HAL_Driver/Src/stm32g0xx_hal_adc.o
 .text.LL_ADC_REG_SetSequencerRanks
                0x000000000800398a       0x40 Drivers/STM32G0xx_HAL_Driver/Src/stm32g0xx_hal_adc.o
 .text.LL_ADC_REG_SetSequencerChAdd
                0x00000000080039ca       0x22 Drivers/STM32G0xx_HAL_Driver/Src/stm32g0xx_hal_adc.o
 .text.LL_ADC_REG_SetSequencerChRem
                0x00000000080039ec       0x24 Drivers/STM32G0xx_HAL_Driver/Src/stm32g0xx_hal_adc.o
 .text.LL_ADC_SetChannelSamplingTime
                0x0000000008003a10       0x38 Drivers/STM32G0xx_HAL_Driver/Src/stm32g0xx_hal_adc.o
 .text.LL_ADC_EnableInternalRegulator
                0x0000000008003a48       0x28 Drivers/STM32G0xx_HAL_Driver/Src/stm32g0xx_hal_adc.o
 .text.LL_ADC_IsInternalRegulatorEnabled
                0x0000000008003a70       0x28 Drivers/STM32G0xx_HAL_Driver/Src/stm32g0xx_hal_adc.o
 .text.LL_ADC_Enable
                0x0000000008003a98       0x24 Drivers/STM32G0xx_HAL_Driver/Src/stm32g0xx_hal_adc.o
 .text.LL_ADC_IsEnabled
                0x0000000008003abc       0x22 Drivers/STM32G0xx_HAL_Driver/Src/stm32g0xx_hal_adc.o
 *fill*         0x0000000008003ade        0x2 
 .text.LL_ADC_REG_StartConversion
                0x0000000008003ae0       0x24 Drivers/STM32G0xx_HAL_Driver/Src/stm32g0xx_hal_adc.o
 .text.LL_ADC_REG_IsConversionOngoing
                0x0000000008003b04       0x22 Drivers/STM32G0xx_HAL_Driver/Src/stm32g0xx_hal_adc.o
 *fill*         0x0000000008003b26        0x2 
 .text.HAL_ADC_Init
                0x0000000008003b28      0x3b0 Drivers/STM32G0xx_HAL_Driver/Src/stm32g0xx_hal_adc.o
                0x0000000008003b28                HAL_ADC_Init
 .text.HAL_ADC_Start
                0x0000000008003ed8       0x9c Drivers/STM32G0xx_HAL_Driver/Src/stm32g0xx_hal_adc.o
                0x0000000008003ed8                HAL_ADC_Start
 .text.HAL_ADC_PollForConversion
                0x0000000008003f74      0x11c Drivers/STM32G0xx_HAL_Driver/Src/stm32g0xx_hal_adc.o
                0x0000000008003f74                HAL_ADC_PollForConversion
 .text.HAL_ADC_GetValue
                0x0000000008004090       0x16 Drivers/STM32G0xx_HAL_Driver/Src/stm32g0xx_hal_adc.o
                0x0000000008004090                HAL_ADC_GetValue
 *fill*         0x00000000080040a6        0x2 
 .text.HAL_ADC_ConfigChannel
                0x00000000080040a8      0x3b4 Drivers/STM32G0xx_HAL_Driver/Src/stm32g0xx_hal_adc.o
                0x00000000080040a8                HAL_ADC_ConfigChannel
 .text.ADC_Enable
                0x000000000800445c       0xfc Drivers/STM32G0xx_HAL_Driver/Src/stm32g0xx_hal_adc.o
                0x000000000800445c                ADC_Enable
 .text.__NVIC_EnableIRQ
                0x0000000008004558       0x34 Drivers/STM32G0xx_HAL_Driver/Src/stm32g0xx_hal_cortex.o
 .text.__NVIC_SetPriority
                0x000000000800458c       0xdc Drivers/STM32G0xx_HAL_Driver/Src/stm32g0xx_hal_cortex.o
 .text.SysTick_Config
                0x0000000008004668       0x48 Drivers/STM32G0xx_HAL_Driver/Src/stm32g0xx_hal_cortex.o
 .text.HAL_NVIC_SetPriority
                0x00000000080046b0       0x2a Drivers/STM32G0xx_HAL_Driver/Src/stm32g0xx_hal_cortex.o
                0x00000000080046b0                HAL_NVIC_SetPriority
 .text.HAL_NVIC_EnableIRQ
                0x00000000080046da       0x20 Drivers/STM32G0xx_HAL_Driver/Src/stm32g0xx_hal_cortex.o
                0x00000000080046da                HAL_NVIC_EnableIRQ
 .text.HAL_SYSTICK_Config
                0x00000000080046fa       0x1a Drivers/STM32G0xx_HAL_Driver/Src/stm32g0xx_hal_cortex.o
                0x00000000080046fa                HAL_SYSTICK_Config
 .text.HAL_GPIO_Init
                0x0000000008004714      0x2c8 Drivers/STM32G0xx_HAL_Driver/Src/stm32g0xx_hal_gpio.o
                0x0000000008004714                HAL_GPIO_Init
 .text.HAL_GPIO_ReadPin
                0x00000000080049dc       0x3a Drivers/STM32G0xx_HAL_Driver/Src/stm32g0xx_hal_gpio.o
                0x00000000080049dc                HAL_GPIO_ReadPin
 .text.HAL_GPIO_WritePin
                0x0000000008004a16       0x3a Drivers/STM32G0xx_HAL_Driver/Src/stm32g0xx_hal_gpio.o
                0x0000000008004a16                HAL_GPIO_WritePin
 .text.HAL_PWREx_ControlVoltageScaling
                0x0000000008004a50       0x80 Drivers/STM32G0xx_HAL_Driver/Src/stm32g0xx_hal_pwr_ex.o
                0x0000000008004a50                HAL_PWREx_ControlVoltageScaling
 .text.HAL_RCC_OscConfig
                0x0000000008004ad0      0x62c Drivers/STM32G0xx_HAL_Driver/Src/stm32g0xx_hal_rcc.o
                0x0000000008004ad0                HAL_RCC_OscConfig
 .text.HAL_RCC_ClockConfig
                0x00000000080050fc      0x210 Drivers/STM32G0xx_HAL_Driver/Src/stm32g0xx_hal_rcc.o
                0x00000000080050fc                HAL_RCC_ClockConfig
 .text.HAL_RCC_GetSysClockFreq
                0x000000000800530c      0x100 Drivers/STM32G0xx_HAL_Driver/Src/stm32g0xx_hal_rcc.o
                0x000000000800530c                HAL_RCC_GetSysClockFreq
 .text.HAL_RCCEx_PeriphCLKConfig
                0x000000000800540c      0x24c Drivers/STM32G0xx_HAL_Driver/Src/stm32g0xx_hal_rcc_ex.o
                0x000000000800540c                HAL_RCCEx_PeriphCLKConfig
 .text.HAL_TIM_Base_Init
                0x0000000008005658       0xb0 Drivers/STM32G0xx_HAL_Driver/Src/stm32g0xx_hal_tim.o
                0x0000000008005658                HAL_TIM_Base_Init
 .text.HAL_TIM_Base_Start
                0x0000000008005708       0x8c Drivers/STM32G0xx_HAL_Driver/Src/stm32g0xx_hal_tim.o
                0x0000000008005708                HAL_TIM_Base_Start
 .text.HAL_TIM_Base_Start_IT
                0x0000000008005794       0x9c Drivers/STM32G0xx_HAL_Driver/Src/stm32g0xx_hal_tim.o
                0x0000000008005794                HAL_TIM_Base_Start_IT
 .text.HAL_TIM_IRQHandler
                0x0000000008005830      0x264 Drivers/STM32G0xx_HAL_Driver/Src/stm32g0xx_hal_tim.o
                0x0000000008005830                HAL_TIM_IRQHandler
 .text.HAL_TIM_ConfigClockSource
                0x0000000008005a94      0x198 Drivers/STM32G0xx_HAL_Driver/Src/stm32g0xx_hal_tim.o
                0x0000000008005a94                HAL_TIM_ConfigClockSource
 .text.HAL_TIM_OC_DelayElapsedCallback
                0x0000000008005c2c       0x10 Drivers/STM32G0xx_HAL_Driver/Src/stm32g0xx_hal_tim.o
                0x0000000008005c2c                HAL_TIM_OC_DelayElapsedCallback
 .text.HAL_TIM_IC_CaptureCallback
                0x0000000008005c3c       0x10 Drivers/STM32G0xx_HAL_Driver/Src/stm32g0xx_hal_tim.o
                0x0000000008005c3c                HAL_TIM_IC_CaptureCallback
 .text.HAL_TIM_PWM_PulseFinishedCallback
                0x0000000008005c4c       0x10 Drivers/STM32G0xx_HAL_Driver/Src/stm32g0xx_hal_tim.o
                0x0000000008005c4c                HAL_TIM_PWM_PulseFinishedCallback
 .text.HAL_TIM_TriggerCallback
                0x0000000008005c5c       0x10 Drivers/STM32G0xx_HAL_Driver/Src/stm32g0xx_hal_tim.o
                0x0000000008005c5c                HAL_TIM_TriggerCallback
 .text.TIM_Base_SetConfig
                0x0000000008005c6c       0xd8 Drivers/STM32G0xx_HAL_Driver/Src/stm32g0xx_hal_tim.o
                0x0000000008005c6c                TIM_Base_SetConfig
 .text.TIM_TI1_ConfigInputStage
                0x0000000008005d44       0x5c Drivers/STM32G0xx_HAL_Driver/Src/stm32g0xx_hal_tim.o
 .text.TIM_TI2_ConfigInputStage
                0x0000000008005da0       0x64 Drivers/STM32G0xx_HAL_Driver/Src/stm32g0xx_hal_tim.o
 .text.TIM_ITRx_SetConfig
                0x0000000008005e04       0x38 Drivers/STM32G0xx_HAL_Driver/Src/stm32g0xx_hal_tim.o
 .text.TIM_ETR_SetConfig
                0x0000000008005e3c       0x40 Drivers/STM32G0xx_HAL_Driver/Src/stm32g0xx_hal_tim.o
                0x0000000008005e3c                TIM_ETR_SetConfig
 .text.HAL_TIMEx_MasterConfigSynchronization
                0x0000000008005e7c       0xc4 Drivers/STM32G0xx_HAL_Driver/Src/stm32g0xx_hal_tim_ex.o
                0x0000000008005e7c                HAL_TIMEx_MasterConfigSynchronization
 .text.HAL_TIMEx_CommutCallback
                0x0000000008005f40       0x10 Drivers/STM32G0xx_HAL_Driver/Src/stm32g0xx_hal_tim_ex.o
                0x0000000008005f40                HAL_TIMEx_CommutCallback
 .text.HAL_TIMEx_BreakCallback
                0x0000000008005f50       0x10 Drivers/STM32G0xx_HAL_Driver/Src/stm32g0xx_hal_tim_ex.o
                0x0000000008005f50                HAL_TIMEx_BreakCallback
 .text.HAL_TIMEx_Break2Callback
                0x0000000008005f60       0x10 Drivers/STM32G0xx_HAL_Driver/Src/stm32g0xx_hal_tim_ex.o
                0x0000000008005f60                HAL_TIMEx_Break2Callback
 .text.__libc_init_array
                0x0000000008005f70       0x48 c:/program files/stm32cubeide_1.6.1/stm32cubeide/plugins/com.st.stm32cube.ide.mcu.externaltools.gnu-tools-for-stm32.9-2020-q2-update.win32_1.5.0.202011040924/tools/bin/../lib/gcc/arm-none-eabi/9.3.1/../../../../arm-none-eabi/lib/thumb/v6-m/nofp\libc_nano.a(lib_a-init.o)
                0x0000000008005f70                __libc_init_array
 .text.memset   0x0000000008005fb8       0x10 c:/program files/stm32cubeide_1.6.1/stm32cubeide/plugins/com.st.stm32cube.ide.mcu.externaltools.gnu-tools-for-stm32.9-2020-q2-update.win32_1.5.0.202011040924/tools/bin/../lib/gcc/arm-none-eabi/9.3.1/../../../../arm-none-eabi/lib/thumb/v6-m/nofp\libc_nano.a(lib_a-memset.o)
                0x0000000008005fb8                memset
 .text.swapfunc
                0x0000000008005fc8       0x2e c:/program files/stm32cubeide_1.6.1/stm32cubeide/plugins/com.st.stm32cube.ide.mcu.externaltools.gnu-tools-for-stm32.9-2020-q2-update.win32_1.5.0.202011040924/tools/bin/../lib/gcc/arm-none-eabi/9.3.1/../../../../arm-none-eabi/lib/thumb/v6-m/nofp\libc_nano.a(lib_a-qsort.o)
 .text.med3.isra.0
                0x0000000008005ff6       0x42 c:/program files/stm32cubeide_1.6.1/stm32cubeide/plugins/com.st.stm32cube.ide.mcu.externaltools.gnu-tools-for-stm32.9-2020-q2-update.win32_1.5.0.202011040924/tools/bin/../lib/gcc/arm-none-eabi/9.3.1/../../../../arm-none-eabi/lib/thumb/v6-m/nofp\libc_nano.a(lib_a-qsort.o)
 .text.qsort    0x0000000008006038      0x2be c:/program files/stm32cubeide_1.6.1/stm32cubeide/plugins/com.st.stm32cube.ide.mcu.externaltools.gnu-tools-for-stm32.9-2020-q2-update.win32_1.5.0.202011040924/tools/bin/../lib/gcc/arm-none-eabi/9.3.1/../../../../arm-none-eabi/lib/thumb/v6-m/nofp\libc_nano.a(lib_a-qsort.o)
                0x0000000008006038                qsort
 *fill*         0x00000000080062f6        0x2 
 .text.round    0x00000000080062f8       0x9c c:/program files/stm32cubeide_1.6.1/stm32cubeide/plugins/com.st.stm32cube.ide.mcu.externaltools.gnu-tools-for-stm32.9-2020-q2-update.win32_1.5.0.202011040924/tools/bin/../lib/gcc/arm-none-eabi/9.3.1/../../../../arm-none-eabi/lib/thumb/v6-m/nofp\libm.a(lib_a-s_round.o)
                0x00000000080062f8                round
 *(.glue_7)
 .glue_7        0x0000000008006394        0x0 linker stubs
 *(.glue_7t)
 .glue_7t       0x0000000008006394        0x0 linker stubs
 *(.eh_frame)
 .eh_frame      0x0000000008006394        0x0 c:/program files/stm32cubeide_1.6.1/stm32cubeide/plugins/com.st.stm32cube.ide.mcu.externaltools.gnu-tools-for-stm32.9-2020-q2-update.win32_1.5.0.202011040924/tools/bin/../lib/gcc/arm-none-eabi/9.3.1/thumb/v6-m/nofp/crtbegin.o
 *(.init)
 .init          0x0000000008006394        0x4 c:/program files/stm32cubeide_1.6.1/stm32cubeide/plugins/com.st.stm32cube.ide.mcu.externaltools.gnu-tools-for-stm32.9-2020-q2-update.win32_1.5.0.202011040924/tools/bin/../lib/gcc/arm-none-eabi/9.3.1/thumb/v6-m/nofp/crti.o
                0x0000000008006394                _init
 .init          0x0000000008006398        0x8 c:/program files/stm32cubeide_1.6.1/stm32cubeide/plugins/com.st.stm32cube.ide.mcu.externaltools.gnu-tools-for-stm32.9-2020-q2-update.win32_1.5.0.202011040924/tools/bin/../lib/gcc/arm-none-eabi/9.3.1/thumb/v6-m/nofp/crtn.o
 *(.fini)
 .fini          0x00000000080063a0        0x4 c:/program files/stm32cubeide_1.6.1/stm32cubeide/plugins/com.st.stm32cube.ide.mcu.externaltools.gnu-tools-for-stm32.9-2020-q2-update.win32_1.5.0.202011040924/tools/bin/../lib/gcc/arm-none-eabi/9.3.1/thumb/v6-m/nofp/crti.o
                0x00000000080063a0                _fini
 .fini          0x00000000080063a4        0x8 c:/program files/stm32cubeide_1.6.1/stm32cubeide/plugins/com.st.stm32cube.ide.mcu.externaltools.gnu-tools-for-stm32.9-2020-q2-update.win32_1.5.0.202011040924/tools/bin/../lib/gcc/arm-none-eabi/9.3.1/thumb/v6-m/nofp/crtn.o
                0x00000000080063ac                . = ALIGN (0x4)
                0x00000000080063ac                _etext = .

.vfp11_veneer   0x00000000080063ac        0x0
 .vfp11_veneer  0x00000000080063ac        0x0 linker stubs

.v4_bx          0x00000000080063ac        0x0
 .v4_bx         0x00000000080063ac        0x0 linker stubs

.iplt           0x00000000080063ac        0x0
 .iplt          0x00000000080063ac        0x0 c:/program files/stm32cubeide_1.6.1/stm32cubeide/plugins/com.st.stm32cube.ide.mcu.externaltools.gnu-tools-for-stm32.9-2020-q2-update.win32_1.5.0.202011040924/tools/bin/../lib/gcc/arm-none-eabi/9.3.1/thumb/v6-m/nofp/crtbegin.o

.rodata         0x00000000080063ac      0x13c
                0x00000000080063ac                . = ALIGN (0x4)
 *(.rodata)
 .rodata        0x00000000080063ac       0x28 Core/Src/main.o
 .rodata        0x00000000080063d4       0x40 c:/program files/stm32cubeide_1.6.1/stm32cubeide/plugins/com.st.stm32cube.ide.mcu.externaltools.gnu-tools-for-stm32.9-2020-q2-update.win32_1.5.0.202011040924/tools/bin/../lib/gcc/arm-none-eabi/9.3.1/thumb/v6-m/nofp\libgcc.a(divdf3.o)
 .rodata        0x0000000008006414       0x40 c:/program files/stm32cubeide_1.6.1/stm32cubeide/plugins/com.st.stm32cube.ide.mcu.externaltools.gnu-tools-for-stm32.9-2020-q2-update.win32_1.5.0.202011040924/tools/bin/../lib/gcc/arm-none-eabi/9.3.1/thumb/v6-m/nofp\libgcc.a(muldf3.o)
 *(.rodata*)
 .rodata.display_number
                0x0000000008006454       0x54 Core/Src/display.o
 .rodata.AHBPrescTable
                0x00000000080064a8       0x40 Core/Src/system_stm32g0xx.o
                0x00000000080064a8                AHBPrescTable
                0x00000000080064e8                . = ALIGN (0x4)

.rel.dyn        0x00000000080064e8        0x0
 .rel.iplt      0x00000000080064e8        0x0 c:/program files/stm32cubeide_1.6.1/stm32cubeide/plugins/com.st.stm32cube.ide.mcu.externaltools.gnu-tools-for-stm32.9-2020-q2-update.win32_1.5.0.202011040924/tools/bin/../lib/gcc/arm-none-eabi/9.3.1/thumb/v6-m/nofp/crtbegin.o

.ARM.extab      0x00000000080064e8        0x0
                0x00000000080064e8                . = ALIGN (0x4)
 *(.ARM.extab* .gnu.linkonce.armextab.*)
                0x00000000080064e8                . = ALIGN (0x4)

.ARM            0x00000000080064e8        0x0
                0x00000000080064e8                . = ALIGN (0x4)
                0x00000000080064e8                __exidx_start = .
 *(.ARM.exidx*)
                0x00000000080064e8                __exidx_end = .
                0x00000000080064e8                . = ALIGN (0x4)

.preinit_array  0x00000000080064e8        0x0
                0x00000000080064e8                . = ALIGN (0x4)
                0x00000000080064e8                PROVIDE (__preinit_array_start = .)
 *(.preinit_array*)
                0x00000000080064e8                PROVIDE (__preinit_array_end = .)
                0x00000000080064e8                . = ALIGN (0x4)

.init_array     0x00000000080064e8        0x4
                0x00000000080064e8                . = ALIGN (0x4)
                0x00000000080064e8                PROVIDE (__init_array_start = .)
 *(SORT_BY_NAME(.init_array.*))
 *(.init_array*)
 .init_array    0x00000000080064e8        0x4 c:/program files/stm32cubeide_1.6.1/stm32cubeide/plugins/com.st.stm32cube.ide.mcu.externaltools.gnu-tools-for-stm32.9-2020-q2-update.win32_1.5.0.202011040924/tools/bin/../lib/gcc/arm-none-eabi/9.3.1/thumb/v6-m/nofp/crtbegin.o
                0x00000000080064ec                PROVIDE (__init_array_end = .)
                0x00000000080064ec                . = ALIGN (0x4)

.fini_array     0x00000000080064ec        0x4
                0x00000000080064ec                . = ALIGN (0x4)
                [!provide]                        PROVIDE (__fini_array_start = .)
 *(SORT_BY_NAME(.fini_array.*))
 *(.fini_array*)
 .fini_array    0x00000000080064ec        0x4 c:/program files/stm32cubeide_1.6.1/stm32cubeide/plugins/com.st.stm32cube.ide.mcu.externaltools.gnu-tools-for-stm32.9-2020-q2-update.win32_1.5.0.202011040924/tools/bin/../lib/gcc/arm-none-eabi/9.3.1/thumb/v6-m/nofp/crtbegin.o
                [!provide]                        PROVIDE (__fini_array_end = .)
                0x00000000080064f0                . = ALIGN (0x4)
                0x00000000080064f0                _sidata = LOADADDR (.data)

.data           0x0000000020000000       0x48 load address 0x00000000080064f0
                0x0000000020000000                . = ALIGN (0x4)
                0x0000000020000000                _sdata = .
 *(.data)
 *(.data*)
 .data.FREQUENCY_CALIBRATION
                0x0000000020000000        0x8 Core/Src/main.o
                0x0000000020000000                FREQUENCY_CALIBRATION
 .data.FM_FREQUENCIES_BUFFER
                0x0000000020000008       0x14 Core/Src/main.o
                0x0000000020000008                FM_FREQUENCIES_BUFFER
 .data.FM_FREQUENCY_FILTERED_AVERAGE
                0x000000002000001c        0x4 Core/Src/main.o
                0x000000002000001c                FM_FREQUENCY_FILTERED_AVERAGE
 .data.AM_FREQUENCIES_BUFFER
                0x0000000020000020       0x14 Core/Src/main.o
                0x0000000020000020                AM_FREQUENCIES_BUFFER
 .data.AM_FREQUENCY_FILTERED_AVERAGE
                0x0000000020000034        0x4 Core/Src/main.o
                0x0000000020000034                AM_FREQUENCY_FILTERED_AVERAGE
 .data.abc      0x0000000020000038        0x4 Core/Src/main.o
                0x0000000020000038                abc
 .data.SystemCoreClock
                0x000000002000003c        0x4 Core/Src/system_stm32g0xx.o
                0x000000002000003c                SystemCoreClock
 .data.uwTickPrio
                0x0000000020000040        0x4 Drivers/STM32G0xx_HAL_Driver/Src/stm32g0xx_hal.o
                0x0000000020000040                uwTickPrio
 .data.uwTickFreq
                0x0000000020000044        0x1 Drivers/STM32G0xx_HAL_Driver/Src/stm32g0xx_hal.o
                0x0000000020000044                uwTickFreq
 *(.RamFunc)
 *(.RamFunc*)
                0x0000000020000048                . = ALIGN (0x4)
 *fill*         0x0000000020000045        0x3 
                0x0000000020000048                _edata = .

.igot.plt       0x0000000020000048        0x0 load address 0x0000000008006538
 .igot.plt      0x0000000020000048        0x0 c:/program files/stm32cubeide_1.6.1/stm32cubeide/plugins/com.st.stm32cube.ide.mcu.externaltools.gnu-tools-for-stm32.9-2020-q2-update.win32_1.5.0.202011040924/tools/bin/../lib/gcc/arm-none-eabi/9.3.1/thumb/v6-m/nofp/crtbegin.o
                0x0000000020000048                . = ALIGN (0x4)

.bss            0x0000000020000048      0x228 load address 0x0000000008006538
                0x0000000020000048                _sbss = .
                0x0000000020000048                __bss_start__ = _sbss
 *(.bss)
 .bss           0x0000000020000048       0x1c c:/program files/stm32cubeide_1.6.1/stm32cubeide/plugins/com.st.stm32cube.ide.mcu.externaltools.gnu-tools-for-stm32.9-2020-q2-update.win32_1.5.0.202011040924/tools/bin/../lib/gcc/arm-none-eabi/9.3.1/thumb/v6-m/nofp/crtbegin.o
 *(.bss*)
 .bss.ticks     0x0000000020000064        0x4 Core/Src/display.o
 .bss.SHOW_FM_CHANNEL
                0x0000000020000068        0x1 Core/Src/main.o
                0x0000000020000068                SHOW_FM_CHANNEL
 .bss.SHOW_AM   0x0000000020000069        0x1 Core/Src/main.o
                0x0000000020000069                SHOW_AM
 *fill*         0x000000002000006a        0x2 
 .bss.FM_FREQUENCY
                0x000000002000006c        0x4 Core/Src/main.o
                0x000000002000006c                FM_FREQUENCY
 .bss.FM_FREQUENCIES_BUFFER_POSITION
                0x0000000020000070        0x4 Core/Src/main.o
                0x0000000020000070                FM_FREQUENCIES_BUFFER_POSITION
 .bss.FM_FREQUENCY_FILTERED
                0x0000000020000074        0x4 Core/Src/main.o
                0x0000000020000074                FM_FREQUENCY_FILTERED
 .bss.FM_CHANNEL
                0x0000000020000078        0x8 Core/Src/main.o
                0x0000000020000078                FM_CHANNEL
 .bss.AM_FREQUENCY
                0x0000000020000080        0x4 Core/Src/main.o
                0x0000000020000080                AM_FREQUENCY
 .bss.AM_FREQUENCIES_BUFFER_POSITION
                0x0000000020000084        0x4 Core/Src/main.o
                0x0000000020000084                AM_FREQUENCIES_BUFFER_POSITION
 .bss.AM_FREQUENCY_FILTERED
                0x0000000020000088        0x4 Core/Src/main.o
                0x0000000020000088                AM_FREQUENCY_FILTERED
 *(COMMON)
 COMMON         0x000000002000008c      0x1e0 Core/Src/main.o
                0x000000002000008c                htim17
                0x00000000200000d8                htim3
                0x0000000020000124                hadc1
                0x0000000020000188                htim1
                0x00000000200001d4                htim14
                0x0000000020000220                htim16
 COMMON         0x000000002000026c        0x4 Drivers/STM32G0xx_HAL_Driver/Src/stm32g0xx_hal.o
                0x000000002000026c                uwTick
                0x0000000020000270                . = ALIGN (0x4)
                0x0000000020000270                _ebss = .
                0x0000000020000270                __bss_end__ = _ebss

._user_heap_stack
                0x0000000020000270      0x600 load address 0x0000000008006538
                0x0000000020000270                . = ALIGN (0x8)
                [!provide]                        PROVIDE (end = .)
                0x0000000020000270                PROVIDE (_end = .)
                0x0000000020000470                . = (. + _Min_Heap_Size)
 *fill*         0x0000000020000270      0x200 
                0x0000000020000870                . = (. + _Min_Stack_Size)
 *fill*         0x0000000020000470      0x400 
                0x0000000020000870                . = ALIGN (0x8)

/DISCARD/
 libc.a(*)
 libm.a(*)
 libgcc.a(*)

.ARM.attributes
                0x0000000000000000       0x28
 *(.ARM.attributes)
 .ARM.attributes
                0x0000000000000000       0x1e c:/program files/stm32cubeide_1.6.1/stm32cubeide/plugins/com.st.stm32cube.ide.mcu.externaltools.gnu-tools-for-stm32.9-2020-q2-update.win32_1.5.0.202011040924/tools/bin/../lib/gcc/arm-none-eabi/9.3.1/thumb/v6-m/nofp/crti.o
 .ARM.attributes
                0x000000000000001e       0x2c c:/program files/stm32cubeide_1.6.1/stm32cubeide/plugins/com.st.stm32cube.ide.mcu.externaltools.gnu-tools-for-stm32.9-2020-q2-update.win32_1.5.0.202011040924/tools/bin/../lib/gcc/arm-none-eabi/9.3.1/thumb/v6-m/nofp/crtbegin.o
 .ARM.attributes
                0x000000000000004a       0x2c Core/Src/display.o
 .ARM.attributes
                0x0000000000000076       0x2c Core/Src/main.o
 .ARM.attributes
                0x00000000000000a2       0x2c Core/Src/stm32g0xx_hal_msp.o
 .ARM.attributes
                0x00000000000000ce       0x2c Core/Src/stm32g0xx_it.o
 .ARM.attributes
                0x00000000000000fa       0x2c Core/Src/system_stm32g0xx.o
 .ARM.attributes
                0x0000000000000126       0x22 Core/Startup/startup_stm32g030c8tx.o
 .ARM.attributes
                0x0000000000000148       0x2c Drivers/STM32G0xx_HAL_Driver/Src/stm32g0xx_hal.o
 .ARM.attributes
                0x0000000000000174       0x2c Drivers/STM32G0xx_HAL_Driver/Src/stm32g0xx_hal_adc.o
 .ARM.attributes
                0x00000000000001a0       0x2c Drivers/STM32G0xx_HAL_Driver/Src/stm32g0xx_hal_cortex.o
 .ARM.attributes
                0x00000000000001cc       0x2c Drivers/STM32G0xx_HAL_Driver/Src/stm32g0xx_hal_gpio.o
 .ARM.attributes
                0x00000000000001f8       0x2c Drivers/STM32G0xx_HAL_Driver/Src/stm32g0xx_hal_pwr_ex.o
 .ARM.attributes
                0x0000000000000224       0x2c Drivers/STM32G0xx_HAL_Driver/Src/stm32g0xx_hal_rcc.o
 .ARM.attributes
                0x0000000000000250       0x2c Drivers/STM32G0xx_HAL_Driver/Src/stm32g0xx_hal_rcc_ex.o
 .ARM.attributes
                0x000000000000027c       0x2c Drivers/STM32G0xx_HAL_Driver/Src/stm32g0xx_hal_tim.o
 .ARM.attributes
                0x00000000000002a8       0x2c Drivers/STM32G0xx_HAL_Driver/Src/stm32g0xx_hal_tim_ex.o
 .ARM.attributes
                0x00000000000002d4       0x2c c:/program files/stm32cubeide_1.6.1/stm32cubeide/plugins/com.st.stm32cube.ide.mcu.externaltools.gnu-tools-for-stm32.9-2020-q2-update.win32_1.5.0.202011040924/tools/bin/../lib/gcc/arm-none-eabi/9.3.1/../../../../arm-none-eabi/lib/thumb/v6-m/nofp\libc_nano.a(lib_a-init.o)
 .ARM.attributes
                0x0000000000000300       0x2c c:/program files/stm32cubeide_1.6.1/stm32cubeide/plugins/com.st.stm32cube.ide.mcu.externaltools.gnu-tools-for-stm32.9-2020-q2-update.win32_1.5.0.202011040924/tools/bin/../lib/gcc/arm-none-eabi/9.3.1/../../../../arm-none-eabi/lib/thumb/v6-m/nofp\libc_nano.a(lib_a-memset.o)
 .ARM.attributes
                0x000000000000032c       0x2c c:/program files/stm32cubeide_1.6.1/stm32cubeide/plugins/com.st.stm32cube.ide.mcu.externaltools.gnu-tools-for-stm32.9-2020-q2-update.win32_1.5.0.202011040924/tools/bin/../lib/gcc/arm-none-eabi/9.3.1/../../../../arm-none-eabi/lib/thumb/v6-m/nofp\libc_nano.a(lib_a-qsort.o)
 .ARM.attributes
                0x0000000000000358       0x2c c:/program files/stm32cubeide_1.6.1/stm32cubeide/plugins/com.st.stm32cube.ide.mcu.externaltools.gnu-tools-for-stm32.9-2020-q2-update.win32_1.5.0.202011040924/tools/bin/../lib/gcc/arm-none-eabi/9.3.1/../../../../arm-none-eabi/lib/thumb/v6-m/nofp\libm.a(lib_a-s_round.o)
 .ARM.attributes
                0x0000000000000384       0x1e c:/program files/stm32cubeide_1.6.1/stm32cubeide/plugins/com.st.stm32cube.ide.mcu.externaltools.gnu-tools-for-stm32.9-2020-q2-update.win32_1.5.0.202011040924/tools/bin/../lib/gcc/arm-none-eabi/9.3.1/thumb/v6-m/nofp\libgcc.a(_udivsi3.o)
 .ARM.attributes
                0x00000000000003a2       0x1e c:/program files/stm32cubeide_1.6.1/stm32cubeide/plugins/com.st.stm32cube.ide.mcu.externaltools.gnu-tools-for-stm32.9-2020-q2-update.win32_1.5.0.202011040924/tools/bin/../lib/gcc/arm-none-eabi/9.3.1/thumb/v6-m/nofp\libgcc.a(_divsi3.o)
 .ARM.attributes
                0x00000000000003c0       0x1e c:/program files/stm32cubeide_1.6.1/stm32cubeide/plugins/com.st.stm32cube.ide.mcu.externaltools.gnu-tools-for-stm32.9-2020-q2-update.win32_1.5.0.202011040924/tools/bin/../lib/gcc/arm-none-eabi/9.3.1/thumb/v6-m/nofp\libgcc.a(_dvmd_tls.o)
 .ARM.attributes
                0x00000000000003de       0x2c c:/program files/stm32cubeide_1.6.1/stm32cubeide/plugins/com.st.stm32cube.ide.mcu.externaltools.gnu-tools-for-stm32.9-2020-q2-update.win32_1.5.0.202011040924/tools/bin/../lib/gcc/arm-none-eabi/9.3.1/thumb/v6-m/nofp\libgcc.a(_muldi3.o)
 .ARM.attributes
                0x000000000000040a       0x2c c:/program files/stm32cubeide_1.6.1/stm32cubeide/plugins/com.st.stm32cube.ide.mcu.externaltools.gnu-tools-for-stm32.9-2020-q2-update.win32_1.5.0.202011040924/tools/bin/../lib/gcc/arm-none-eabi/9.3.1/thumb/v6-m/nofp\libgcc.a(adddf3.o)
 .ARM.attributes
                0x0000000000000436       0x2c c:/program files/stm32cubeide_1.6.1/stm32cubeide/plugins/com.st.stm32cube.ide.mcu.externaltools.gnu-tools-for-stm32.9-2020-q2-update.win32_1.5.0.202011040924/tools/bin/../lib/gcc/arm-none-eabi/9.3.1/thumb/v6-m/nofp\libgcc.a(divdf3.o)
 .ARM.attributes
                0x0000000000000462       0x2c c:/program files/stm32cubeide_1.6.1/stm32cubeide/plugins/com.st.stm32cube.ide.mcu.externaltools.gnu-tools-for-stm32.9-2020-q2-update.win32_1.5.0.202011040924/tools/bin/../lib/gcc/arm-none-eabi/9.3.1/thumb/v6-m/nofp\libgcc.a(muldf3.o)
 .ARM.attributes
                0x000000000000048e       0x2c c:/program files/stm32cubeide_1.6.1/stm32cubeide/plugins/com.st.stm32cube.ide.mcu.externaltools.gnu-tools-for-stm32.9-2020-q2-update.win32_1.5.0.202011040924/tools/bin/../lib/gcc/arm-none-eabi/9.3.1/thumb/v6-m/nofp\libgcc.a(subdf3.o)
 .ARM.attributes
                0x00000000000004ba       0x2c c:/program files/stm32cubeide_1.6.1/stm32cubeide/plugins/com.st.stm32cube.ide.mcu.externaltools.gnu-tools-for-stm32.9-2020-q2-update.win32_1.5.0.202011040924/tools/bin/../lib/gcc/arm-none-eabi/9.3.1/thumb/v6-m/nofp\libgcc.a(fixdfsi.o)
 .ARM.attributes
                0x00000000000004e6       0x2c c:/program files/stm32cubeide_1.6.1/stm32cubeide/plugins/com.st.stm32cube.ide.mcu.externaltools.gnu-tools-for-stm32.9-2020-q2-update.win32_1.5.0.202011040924/tools/bin/../lib/gcc/arm-none-eabi/9.3.1/thumb/v6-m/nofp\libgcc.a(floatsidf.o)
 .ARM.attributes
                0x0000000000000512       0x2c c:/program files/stm32cubeide_1.6.1/stm32cubeide/plugins/com.st.stm32cube.ide.mcu.externaltools.gnu-tools-for-stm32.9-2020-q2-update.win32_1.5.0.202011040924/tools/bin/../lib/gcc/arm-none-eabi/9.3.1/thumb/v6-m/nofp\libgcc.a(floatunsidf.o)
 .ARM.attributes
                0x000000000000053e       0x1e c:/program files/stm32cubeide_1.6.1/stm32cubeide/plugins/com.st.stm32cube.ide.mcu.externaltools.gnu-tools-for-stm32.9-2020-q2-update.win32_1.5.0.202011040924/tools/bin/../lib/gcc/arm-none-eabi/9.3.1/thumb/v6-m/nofp\libgcc.a(_clzsi2.o)
 .ARM.attributes
                0x000000000000055c       0x1e c:/program files/stm32cubeide_1.6.1/stm32cubeide/plugins/com.st.stm32cube.ide.mcu.externaltools.gnu-tools-for-stm32.9-2020-q2-update.win32_1.5.0.202011040924/tools/bin/../lib/gcc/arm-none-eabi/9.3.1/thumb/v6-m/nofp/crtn.o
OUTPUT(Zaehler-Modul.elf elf32-littlearm)
LOAD linker stubs
LOAD c:/program files/stm32cubeide_1.6.1/stm32cubeide/plugins/com.st.stm32cube.ide.mcu.externaltools.gnu-tools-for-stm32.9-2020-q2-update.win32_1.5.0.202011040924/tools/bin/../lib/gcc/arm-none-eabi/9.3.1/../../../../arm-none-eabi/lib/thumb/v6-m/nofp\libc.a
LOAD c:/program files/stm32cubeide_1.6.1/stm32cubeide/plugins/com.st.stm32cube.ide.mcu.externaltools.gnu-tools-for-stm32.9-2020-q2-update.win32_1.5.0.202011040924/tools/bin/../lib/gcc/arm-none-eabi/9.3.1/../../../../arm-none-eabi/lib/thumb/v6-m/nofp\libm.a
LOAD c:/program files/stm32cubeide_1.6.1/stm32cubeide/plugins/com.st.stm32cube.ide.mcu.externaltools.gnu-tools-for-stm32.9-2020-q2-update.win32_1.5.0.202011040924/tools/bin/../lib/gcc/arm-none-eabi/9.3.1/thumb/v6-m/nofp\libgcc.a

.debug_info     0x0000000000000000     0xe0e5
 .debug_info    0x0000000000000000      0xf06 Core/Src/display.o
 .debug_info    0x0000000000000f06     0x1fec Core/Src/main.o
 .debug_info    0x0000000000002ef2     0x1147 Core/Src/stm32g0xx_hal_msp.o
 .debug_info    0x0000000000004039      0x9a2 Core/Src/stm32g0xx_it.o
 .debug_info    0x00000000000049db      0x4fc Core/Src/system_stm32g0xx.o
 .debug_info    0x0000000000004ed7       0x22 Core/Startup/startup_stm32g030c8tx.o
 .debug_info    0x0000000000004ef9      0x9f9 Drivers/STM32G0xx_HAL_Driver/Src/stm32g0xx_hal.o
 .debug_info    0x00000000000058f2     0x164e Drivers/STM32G0xx_HAL_Driver/Src/stm32g0xx_hal_adc.o
 .debug_info    0x0000000000006f40      0xa2f Drivers/STM32G0xx_HAL_Driver/Src/stm32g0xx_hal_cortex.o
 .debug_info    0x000000000000796f      0x729 Drivers/STM32G0xx_HAL_Driver/Src/stm32g0xx_hal_gpio.o
 .debug_info    0x0000000000008098      0x62e Drivers/STM32G0xx_HAL_Driver/Src/stm32g0xx_hal_pwr_ex.o
 .debug_info    0x00000000000086c6      0xb92 Drivers/STM32G0xx_HAL_Driver/Src/stm32g0xx_hal_rcc.o
 .debug_info    0x0000000000009258      0x8c5 Drivers/STM32G0xx_HAL_Driver/Src/stm32g0xx_hal_rcc_ex.o
 .debug_info    0x0000000000009b1d     0x2cdf Drivers/STM32G0xx_HAL_Driver/Src/stm32g0xx_hal_tim.o
 .debug_info    0x000000000000c7fc     0x18e9 Drivers/STM32G0xx_HAL_Driver/Src/stm32g0xx_hal_tim_ex.o

.debug_abbrev   0x0000000000000000     0x1f9b
 .debug_abbrev  0x0000000000000000      0x28a Core/Src/display.o
 .debug_abbrev  0x000000000000028a      0x3a5 Core/Src/main.o
 .debug_abbrev  0x000000000000062f      0x1c8 Core/Src/stm32g0xx_hal_msp.o
 .debug_abbrev  0x00000000000007f7      0x198 Core/Src/stm32g0xx_it.o
 .debug_abbrev  0x000000000000098f      0x165 Core/Src/system_stm32g0xx.o
 .debug_abbrev  0x0000000000000af4       0x12 Core/Startup/startup_stm32g030c8tx.o
 .debug_abbrev  0x0000000000000b06      0x276 Drivers/STM32G0xx_HAL_Driver/Src/stm32g0xx_hal.o
 .debug_abbrev  0x0000000000000d7c      0x247 Drivers/STM32G0xx_HAL_Driver/Src/stm32g0xx_hal_adc.o
 .debug_abbrev  0x0000000000000fc3      0x2c5 Drivers/STM32G0xx_HAL_Driver/Src/stm32g0xx_hal_cortex.o
 .debug_abbrev  0x0000000000001288      0x1df Drivers/STM32G0xx_HAL_Driver/Src/stm32g0xx_hal_gpio.o
 .debug_abbrev  0x0000000000001467      0x204 Drivers/STM32G0xx_HAL_Driver/Src/stm32g0xx_hal_pwr_ex.o
 .debug_abbrev  0x000000000000166b      0x23d Drivers/STM32G0xx_HAL_Driver/Src/stm32g0xx_hal_rcc.o
 .debug_abbrev  0x00000000000018a8      0x1fc Drivers/STM32G0xx_HAL_Driver/Src/stm32g0xx_hal_rcc_ex.o
 .debug_abbrev  0x0000000000001aa4      0x280 Drivers/STM32G0xx_HAL_Driver/Src/stm32g0xx_hal_tim.o
 .debug_abbrev  0x0000000000001d24      0x277 Drivers/STM32G0xx_HAL_Driver/Src/stm32g0xx_hal_tim_ex.o

.debug_aranges  0x0000000000000000      0xd30
 .debug_aranges
                0x0000000000000000       0x98 Core/Src/display.o
 .debug_aranges
                0x0000000000000098       0x98 Core/Src/main.o
 .debug_aranges
                0x0000000000000130       0x40 Core/Src/stm32g0xx_hal_msp.o
 .debug_aranges
                0x0000000000000170       0x68 Core/Src/stm32g0xx_it.o
 .debug_aranges
                0x00000000000001d8       0x28 Core/Src/system_stm32g0xx.o
 .debug_aranges
                0x0000000000000200       0x28 Core/Startup/startup_stm32g030c8tx.o
 .debug_aranges
                0x0000000000000228      0x100 Drivers/STM32G0xx_HAL_Driver/Src/stm32g0xx_hal.o
 .debug_aranges
                0x0000000000000328      0x1e8 Drivers/STM32G0xx_HAL_Driver/Src/stm32g0xx_hal_adc.o
 .debug_aranges
                0x0000000000000510       0xd8 Drivers/STM32G0xx_HAL_Driver/Src/stm32g0xx_hal_cortex.o
 .debug_aranges
                0x00000000000005e8       0x60 Drivers/STM32G0xx_HAL_Driver/Src/stm32g0xx_hal_gpio.o
 .debug_aranges
                0x0000000000000648       0x98 Drivers/STM32G0xx_HAL_Driver/Src/stm32g0xx_hal_pwr_ex.o
 .debug_aranges
                0x00000000000006e0       0x98 Drivers/STM32G0xx_HAL_Driver/Src/stm32g0xx_hal_rcc.o
 .debug_aranges
                0x0000000000000778       0x40 Drivers/STM32G0xx_HAL_Driver/Src/stm32g0xx_hal_rcc_ex.o
 .debug_aranges
                0x00000000000007b8      0x3e0 Drivers/STM32G0xx_HAL_Driver/Src/stm32g0xx_hal_tim.o
 .debug_aranges
                0x0000000000000b98      0x198 Drivers/STM32G0xx_HAL_Driver/Src/stm32g0xx_hal_tim_ex.o

.debug_ranges   0x0000000000000000      0xc48
 .debug_ranges  0x0000000000000000       0x88 Core/Src/display.o
 .debug_ranges  0x0000000000000088       0x88 Core/Src/main.o
 .debug_ranges  0x0000000000000110       0x30 Core/Src/stm32g0xx_hal_msp.o
 .debug_ranges  0x0000000000000140       0x58 Core/Src/stm32g0xx_it.o
 .debug_ranges  0x0000000000000198       0x18 Core/Src/system_stm32g0xx.o
 .debug_ranges  0x00000000000001b0       0x20 Core/Startup/startup_stm32g030c8tx.o
 .debug_ranges  0x00000000000001d0       0xf0 Drivers/STM32G0xx_HAL_Driver/Src/stm32g0xx_hal.o
 .debug_ranges  0x00000000000002c0      0x1d8 Drivers/STM32G0xx_HAL_Driver/Src/stm32g0xx_hal_adc.o
 .debug_ranges  0x0000000000000498       0xc8 Drivers/STM32G0xx_HAL_Driver/Src/stm32g0xx_hal_cortex.o
 .debug_ranges  0x0000000000000560       0x50 Drivers/STM32G0xx_HAL_Driver/Src/stm32g0xx_hal_gpio.o
 .debug_ranges  0x00000000000005b0       0x88 Drivers/STM32G0xx_HAL_Driver/Src/stm32g0xx_hal_pwr_ex.o
 .debug_ranges  0x0000000000000638       0x88 Drivers/STM32G0xx_HAL_Driver/Src/stm32g0xx_hal_rcc.o
 .debug_ranges  0x00000000000006c0       0x30 Drivers/STM32G0xx_HAL_Driver/Src/stm32g0xx_hal_rcc_ex.o
 .debug_ranges  0x00000000000006f0      0x3d0 Drivers/STM32G0xx_HAL_Driver/Src/stm32g0xx_hal_tim.o
 .debug_ranges  0x0000000000000ac0      0x188 Drivers/STM32G0xx_HAL_Driver/Src/stm32g0xx_hal_tim_ex.o

.debug_macro    0x0000000000000000    0x15d4a
 .debug_macro   0x0000000000000000      0x311 Core/Src/display.o
 .debug_macro   0x0000000000000311      0xa7e Core/Src/display.o
 .debug_macro   0x0000000000000d8f      0x11d Core/Src/display.o
 .debug_macro   0x0000000000000eac       0x2e Core/Src/display.o
 .debug_macro   0x0000000000000eda       0x28 Core/Src/display.o
 .debug_macro   0x0000000000000f02       0x22 Core/Src/display.o
 .debug_macro   0x0000000000000f24       0x8e Core/Src/display.o
 .debug_macro   0x0000000000000fb2       0x51 Core/Src/display.o
 .debug_macro   0x0000000000001003      0x103 Core/Src/display.o
 .debug_macro   0x0000000000001106       0x6a Core/Src/display.o
 .debug_macro   0x0000000000001170      0x1df Core/Src/display.o
 .debug_macro   0x000000000000134f       0x1c Core/Src/display.o
 .debug_macro   0x000000000000136b       0x22 Core/Src/display.o
 .debug_macro   0x000000000000138d       0xd7 Core/Src/display.o
 .debug_macro   0x0000000000001464      0x4da Core/Src/display.o
 .debug_macro   0x000000000000193e      0x11f Core/Src/display.o
 .debug_macro   0x0000000000001a5d     0x9e87 Core/Src/display.o
 .debug_macro   0x000000000000b8e4       0x3c Core/Src/display.o
 .debug_macro   0x000000000000b920     0x34b5 Core/Src/display.o
 .debug_macro   0x000000000000edd5      0x174 Core/Src/display.o
 .debug_macro   0x000000000000ef49       0x5c Core/Src/display.o
 .debug_macro   0x000000000000efa5      0x485 Core/Src/display.o
 .debug_macro   0x000000000000f42a      0xd95 Core/Src/display.o
 .debug_macro   0x00000000000101bf      0x106 Core/Src/display.o
 .debug_macro   0x00000000000102c5      0x153 Core/Src/display.o
 .debug_macro   0x0000000000010418       0xff Core/Src/display.o
 .debug_macro   0x0000000000010517      0x33c Core/Src/display.o
 .debug_macro   0x0000000000010853      0x202 Core/Src/display.o
 .debug_macro   0x0000000000010a55      0x2c7 Core/Src/display.o
 .debug_macro   0x0000000000010d1c      0x198 Core/Src/display.o
 .debug_macro   0x0000000000010eb4       0x43 Core/Src/display.o
 .debug_macro   0x0000000000010ef7      0x1f1 Core/Src/display.o
 .debug_macro   0x00000000000110e8      0x89b Core/Src/display.o
 .debug_macro   0x0000000000011983      0x5ad Core/Src/display.o
 .debug_macro   0x0000000000011f30       0x2e Core/Src/display.o
 .debug_macro   0x0000000000011f5e      0x1d7 Core/Src/display.o
 .debug_macro   0x0000000000012135      0x2a3 Core/Src/display.o
 .debug_macro   0x00000000000123d8       0x28 Core/Src/display.o
 .debug_macro   0x0000000000012400       0xcf Core/Src/display.o
 .debug_macro   0x00000000000124cf       0xff Core/Src/display.o
 .debug_macro   0x00000000000125ce      0x10d Core/Src/display.o
 .debug_macro   0x00000000000126db      0xa9f Core/Src/display.o
 .debug_macro   0x000000000001317a       0xfa Core/Src/display.o
 .debug_macro   0x0000000000013274      0x412 Core/Src/display.o
 .debug_macro   0x0000000000013686       0xee Core/Src/display.o
 .debug_macro   0x0000000000013774       0x52 Core/Src/display.o
 .debug_macro   0x00000000000137c6       0x18 Core/Src/display.o
 .debug_macro   0x00000000000137de       0x3c Core/Src/display.o
 .debug_macro   0x000000000001381a       0x34 Core/Src/display.o
 .debug_macro   0x000000000001384e       0x16 Core/Src/display.o
 .debug_macro   0x0000000000013864       0x43 Core/Src/display.o
 .debug_macro   0x00000000000138a7       0x34 Core/Src/display.o
 .debug_macro   0x00000000000138db       0x10 Core/Src/display.o
 .debug_macro   0x00000000000138eb       0x58 Core/Src/display.o
 .debug_macro   0x0000000000013943       0x71 Core/Src/display.o
 .debug_macro   0x00000000000139b4       0x1c Core/Src/display.o
 .debug_macro   0x00000000000139d0      0x12a Core/Src/display.o
 .debug_macro   0x0000000000013afa      0x333 Core/Src/display.o
 .debug_macro   0x0000000000013e2d       0x10 Core/Src/display.o
 .debug_macro   0x0000000000013e3d       0x35 Core/Src/display.o
 .debug_macro   0x0000000000013e72       0x20 Core/Src/display.o
 .debug_macro   0x0000000000013e92       0x22 Core/Src/display.o
 .debug_macro   0x0000000000013eb4       0x16 Core/Src/display.o
 .debug_macro   0x0000000000013eca       0x16 Core/Src/display.o
 .debug_macro   0x0000000000013ee0       0x29 Core/Src/display.o
 .debug_macro   0x0000000000013f09      0x31a Core/Src/main.o
 .debug_macro   0x0000000000014223       0xe8 Core/Src/main.o
 .debug_macro   0x000000000001430b      0x1a9 Core/Src/main.o
 .debug_macro   0x00000000000144b4       0x16 Core/Src/main.o
 .debug_macro   0x00000000000144ca      0x202 Core/Src/stm32g0xx_hal_msp.o
 .debug_macro   0x00000000000146cc      0x20c Core/Src/stm32g0xx_it.o
 .debug_macro   0x00000000000148d8      0x1f9 Core/Src/system_stm32g0xx.o
 .debug_macro   0x0000000000014ad1      0x211 Drivers/STM32G0xx_HAL_Driver/Src/stm32g0xx_hal.o
 .debug_macro   0x0000000000014ce2      0x217 Drivers/STM32G0xx_HAL_Driver/Src/stm32g0xx_hal_adc.o
 .debug_macro   0x0000000000014ef9      0x1f3 Drivers/STM32G0xx_HAL_Driver/Src/stm32g0xx_hal_cortex.o
 .debug_macro   0x00000000000150ec      0x22b Drivers/STM32G0xx_HAL_Driver/Src/stm32g0xx_hal_gpio.o
 .debug_macro   0x0000000000015317      0x205 Drivers/STM32G0xx_HAL_Driver/Src/stm32g0xx_hal_pwr_ex.o
 .debug_macro   0x000000000001551c      0x22f Drivers/STM32G0xx_HAL_Driver/Src/stm32g0xx_hal_rcc.o
 .debug_macro   0x000000000001574b      0x20b Drivers/STM32G0xx_HAL_Driver/Src/stm32g0xx_hal_rcc_ex.o
 .debug_macro   0x0000000000015956      0x1fb Drivers/STM32G0xx_HAL_Driver/Src/stm32g0xx_hal_tim.o
 .debug_macro   0x0000000000015b51      0x1f9 Drivers/STM32G0xx_HAL_Driver/Src/stm32g0xx_hal_tim_ex.o

.debug_line     0x0000000000000000     0xe921
 .debug_line    0x0000000000000000      0xd77 Core/Src/display.o
 .debug_line    0x0000000000000d77      0xdab Core/Src/main.o
 .debug_line    0x0000000000001b22      0x882 Core/Src/stm32g0xx_hal_msp.o
 .debug_line    0x00000000000023a4      0x826 Core/Src/stm32g0xx_it.o
 .debug_line    0x0000000000002bca      0x7c4 Core/Src/system_stm32g0xx.o
 .debug_line    0x000000000000338e       0x89 Core/Startup/startup_stm32g030c8tx.o
 .debug_line    0x0000000000003417      0xa77 Drivers/STM32G0xx_HAL_Driver/Src/stm32g0xx_hal.o
 .debug_line    0x0000000000003e8e     0x1852 Drivers/STM32G0xx_HAL_Driver/Src/stm32g0xx_hal_adc.o
 .debug_line    0x00000000000056e0      0xb73 Drivers/STM32G0xx_HAL_Driver/Src/stm32g0xx_hal_cortex.o
 .debug_line    0x0000000000006253      0xb69 Drivers/STM32G0xx_HAL_Driver/Src/stm32g0xx_hal_gpio.o
 .debug_line    0x0000000000006dbc      0x981 Drivers/STM32G0xx_HAL_Driver/Src/stm32g0xx_hal_pwr_ex.o
 .debug_line    0x000000000000773d      0xeed Drivers/STM32G0xx_HAL_Driver/Src/stm32g0xx_hal_rcc.o
 .debug_line    0x000000000000862a      0xac9 Drivers/STM32G0xx_HAL_Driver/Src/stm32g0xx_hal_rcc_ex.o
 .debug_line    0x00000000000090f3     0x3a88 Drivers/STM32G0xx_HAL_Driver/Src/stm32g0xx_hal_tim.o
 .debug_line    0x000000000000cb7b     0x1da6 Drivers/STM32G0xx_HAL_Driver/Src/stm32g0xx_hal_tim_ex.o

.debug_str      0x0000000000000000    0x8ca54
 .debug_str     0x0000000000000000    0x8852f Core/Src/display.o
                                      0x88c78 (size before relaxing)
 .debug_str     0x000000000008852f     0x152b Core/Src/main.o
                                      0x8a211 (size before relaxing)
 .debug_str     0x0000000000089a5a      0x201 Core/Src/stm32g0xx_hal_msp.o
                                      0x8630d (size before relaxing)
 .debug_str     0x0000000000089c5b       0xdb Core/Src/stm32g0xx_it.o
                                      0x85e8a (size before relaxing)
 .debug_str     0x0000000000089d36       0x9c Core/Src/system_stm32g0xx.o
                                      0x855ac (size before relaxing)
 .debug_str     0x0000000000089dd2       0x36 Core/Startup/startup_stm32g030c8tx.o
                                         0x7a (size before relaxing)
 .debug_str     0x0000000000089e08      0x3f1 Drivers/STM32G0xx_HAL_Driver/Src/stm32g0xx_hal.o
                                      0x85b63 (size before relaxing)
 .debug_str     0x000000000008a1f9      0x81c Drivers/STM32G0xx_HAL_Driver/Src/stm32g0xx_hal_adc.o
                                      0x86218 (size before relaxing)
 .debug_str     0x000000000008aa15      0x27c Drivers/STM32G0xx_HAL_Driver/Src/stm32g0xx_hal_cortex.o
                                      0x859b5 (size before relaxing)
 .debug_str     0x000000000008ac91      0x236 Drivers/STM32G0xx_HAL_Driver/Src/stm32g0xx_hal_gpio.o
                                      0x8578e (size before relaxing)
 .debug_str     0x000000000008aec7      0x231 Drivers/STM32G0xx_HAL_Driver/Src/stm32g0xx_hal_pwr_ex.o
                                      0x857e2 (size before relaxing)
 .debug_str     0x000000000008b0f8      0x360 Drivers/STM32G0xx_HAL_Driver/Src/stm32g0xx_hal_rcc.o
                                      0x85b14 (size before relaxing)
 .debug_str     0x000000000008b458      0x16c Drivers/STM32G0xx_HAL_Driver/Src/stm32g0xx_hal_rcc_ex.o
                                      0x85860 (size before relaxing)
 .debug_str     0x000000000008b5c4      0xe03 Drivers/STM32G0xx_HAL_Driver/Src/stm32g0xx_hal_tim.o
                                      0x869f0 (size before relaxing)
 .debug_str     0x000000000008c3c7      0x68d Drivers/STM32G0xx_HAL_Driver/Src/stm32g0xx_hal_tim_ex.o
                                      0x86360 (size before relaxing)

.comment        0x0000000000000000       0x53
 .comment       0x0000000000000000       0x53 Core/Src/display.o
                                         0x54 (size before relaxing)
 .comment       0x0000000000000053       0x54 Core/Src/main.o
 .comment       0x0000000000000053       0x54 Core/Src/stm32g0xx_hal_msp.o
 .comment       0x0000000000000053       0x54 Core/Src/stm32g0xx_it.o
 .comment       0x0000000000000053       0x54 Core/Src/system_stm32g0xx.o
 .comment       0x0000000000000053       0x54 Drivers/STM32G0xx_HAL_Driver/Src/stm32g0xx_hal.o
 .comment       0x0000000000000053       0x54 Drivers/STM32G0xx_HAL_Driver/Src/stm32g0xx_hal_adc.o
 .comment       0x0000000000000053       0x54 Drivers/STM32G0xx_HAL_Driver/Src/stm32g0xx_hal_cortex.o
 .comment       0x0000000000000053       0x54 Drivers/STM32G0xx_HAL_Driver/Src/stm32g0xx_hal_gpio.o
 .comment       0x0000000000000053       0x54 Drivers/STM32G0xx_HAL_Driver/Src/stm32g0xx_hal_pwr_ex.o
 .comment       0x0000000000000053       0x54 Drivers/STM32G0xx_HAL_Driver/Src/stm32g0xx_hal_rcc.o
 .comment       0x0000000000000053       0x54 Drivers/STM32G0xx_HAL_Driver/Src/stm32g0xx_hal_rcc_ex.o
 .comment       0x0000000000000053       0x54 Drivers/STM32G0xx_HAL_Driver/Src/stm32g0xx_hal_tim.o
 .comment       0x0000000000000053       0x54 Drivers/STM32G0xx_HAL_Driver/Src/stm32g0xx_hal_tim_ex.o

.debug_frame    0x0000000000000000     0x31dc
 .debug_frame   0x0000000000000000      0x210 Core/Src/display.o
 .debug_frame   0x0000000000000210      0x204 Core/Src/main.o
 .debug_frame   0x0000000000000414       0xb0 Core/Src/stm32g0xx_hal_msp.o
 .debug_frame   0x00000000000004c4      0x128 Core/Src/stm32g0xx_it.o
 .debug_frame   0x00000000000005ec       0x4c Core/Src/system_stm32g0xx.o
 .debug_frame   0x0000000000000638      0x360 Drivers/STM32G0xx_HAL_Driver/Src/stm32g0xx_hal.o
 .debug_frame   0x0000000000000998      0x76c Drivers/STM32G0xx_HAL_Driver/Src/stm32g0xx_hal_adc.o
 .debug_frame   0x0000000000001104      0x2fc Drivers/STM32G0xx_HAL_Driver/Src/stm32g0xx_hal_cortex.o
 .debug_frame   0x0000000000001400      0x130 Drivers/STM32G0xx_HAL_Driver/Src/stm32g0xx_hal_gpio.o
 .debug_frame   0x0000000000001530      0x1f4 Drivers/STM32G0xx_HAL_Driver/Src/stm32g0xx_hal_pwr_ex.o
 .debug_frame   0x0000000000001724      0x1f4 Drivers/STM32G0xx_HAL_Driver/Src/stm32g0xx_hal_rcc.o
 .debug_frame   0x0000000000001918       0xb0 Drivers/STM32G0xx_HAL_Driver/Src/stm32g0xx_hal_rcc_ex.o
 .debug_frame   0x00000000000019c8      0xf38 Drivers/STM32G0xx_HAL_Driver/Src/stm32g0xx_hal_tim.o
 .debug_frame   0x0000000000002900      0x618 Drivers/STM32G0xx_HAL_Driver/Src/stm32g0xx_hal_tim_ex.o
 .debug_frame   0x0000000000002f18       0x2c c:/program files/stm32cubeide_1.6.1/stm32cubeide/plugins/com.st.stm32cube.ide.mcu.externaltools.gnu-tools-for-stm32.9-2020-q2-update.win32_1.5.0.202011040924/tools/bin/../lib/gcc/arm-none-eabi/9.3.1/../../../../arm-none-eabi/lib/thumb/v6-m/nofp\libc_nano.a(lib_a-init.o)
 .debug_frame   0x0000000000002f44       0x20 c:/program files/stm32cubeide_1.6.1/stm32cubeide/plugins/com.st.stm32cube.ide.mcu.externaltools.gnu-tools-for-stm32.9-2020-q2-update.win32_1.5.0.202011040924/tools/bin/../lib/gcc/arm-none-eabi/9.3.1/../../../../arm-none-eabi/lib/thumb/v6-m/nofp\libc_nano.a(lib_a-memset.o)
 .debug_frame   0x0000000000002f64       0x6c c:/program files/stm32cubeide_1.6.1/stm32cubeide/plugins/com.st.stm32cube.ide.mcu.externaltools.gnu-tools-for-stm32.9-2020-q2-update.win32_1.5.0.202011040924/tools/bin/../lib/gcc/arm-none-eabi/9.3.1/../../../../arm-none-eabi/lib/thumb/v6-m/nofp\libc_nano.a(lib_a-qsort.o)
 .debug_frame   0x0000000000002fd0       0x2c c:/program files/stm32cubeide_1.6.1/stm32cubeide/plugins/com.st.stm32cube.ide.mcu.externaltools.gnu-tools-for-stm32.9-2020-q2-update.win32_1.5.0.202011040924/tools/bin/../lib/gcc/arm-none-eabi/9.3.1/../../../../arm-none-eabi/lib/thumb/v6-m/nofp\libm.a(lib_a-s_round.o)
 .debug_frame   0x0000000000002ffc       0x20 c:/program files/stm32cubeide_1.6.1/stm32cubeide/plugins/com.st.stm32cube.ide.mcu.externaltools.gnu-tools-for-stm32.9-2020-q2-update.win32_1.5.0.202011040924/tools/bin/../lib/gcc/arm-none-eabi/9.3.1/thumb/v6-m/nofp\libgcc.a(_udivsi3.o)
 .debug_frame   0x000000000000301c       0x20 c:/program files/stm32cubeide_1.6.1/stm32cubeide/plugins/com.st.stm32cube.ide.mcu.externaltools.gnu-tools-for-stm32.9-2020-q2-update.win32_1.5.0.202011040924/tools/bin/../lib/gcc/arm-none-eabi/9.3.1/thumb/v6-m/nofp\libgcc.a(_divsi3.o)
 .debug_frame   0x000000000000303c       0x34 c:/program files/stm32cubeide_1.6.1/stm32cubeide/plugins/com.st.stm32cube.ide.mcu.externaltools.gnu-tools-for-stm32.9-2020-q2-update.win32_1.5.0.202011040924/tools/bin/../lib/gcc/arm-none-eabi/9.3.1/thumb/v6-m/nofp\libgcc.a(_muldi3.o)
 .debug_frame   0x0000000000003070       0x38 c:/program files/stm32cubeide_1.6.1/stm32cubeide/plugins/com.st.stm32cube.ide.mcu.externaltools.gnu-tools-for-stm32.9-2020-q2-update.win32_1.5.0.202011040924/tools/bin/../lib/gcc/arm-none-eabi/9.3.1/thumb/v6-m/nofp\libgcc.a(adddf3.o)
 .debug_frame   0x00000000000030a8       0x3c c:/program files/stm32cubeide_1.6.1/stm32cubeide/plugins/com.st.stm32cube.ide.mcu.externaltools.gnu-tools-for-stm32.9-2020-q2-update.win32_1.5.0.202011040924/tools/bin/../lib/gcc/arm-none-eabi/9.3.1/thumb/v6-m/nofp\libgcc.a(divdf3.o)
 .debug_frame   0x00000000000030e4       0x3c c:/program files/stm32cubeide_1.6.1/stm32cubeide/plugins/com.st.stm32cube.ide.mcu.externaltools.gnu-tools-for-stm32.9-2020-q2-update.win32_1.5.0.202011040924/tools/bin/../lib/gcc/arm-none-eabi/9.3.1/thumb/v6-m/nofp\libgcc.a(muldf3.o)
 .debug_frame   0x0000000000003120       0x3c c:/program files/stm32cubeide_1.6.1/stm32cubeide/plugins/com.st.stm32cube.ide.mcu.externaltools.gnu-tools-for-stm32.9-2020-q2-update.win32_1.5.0.202011040924/tools/bin/../lib/gcc/arm-none-eabi/9.3.1/thumb/v6-m/nofp\libgcc.a(subdf3.o)
 .debug_frame   0x000000000000315c       0x2c c:/program files/stm32cubeide_1.6.1/stm32cubeide/plugins/com.st.stm32cube.ide.mcu.externaltools.gnu-tools-for-stm32.9-2020-q2-update.win32_1.5.0.202011040924/tools/bin/../lib/gcc/arm-none-eabi/9.3.1/thumb/v6-m/nofp\libgcc.a(fixdfsi.o)
 .debug_frame   0x0000000000003188       0x2c c:/program files/stm32cubeide_1.6.1/stm32cubeide/plugins/com.st.stm32cube.ide.mcu.externaltools.gnu-tools-for-stm32.9-2020-q2-update.win32_1.5.0.202011040924/tools/bin/../lib/gcc/arm-none-eabi/9.3.1/thumb/v6-m/nofp\libgcc.a(floatsidf.o)
 .debug_frame   0x00000000000031b4       0x28 c:/program files/stm32cubeide_1.6.1/stm32cubeide/plugins/com.st.stm32cube.ide.mcu.externaltools.gnu-tools-for-stm32.9-2020-q2-update.win32_1.5.0.202011040924/tools/bin/../lib/gcc/arm-none-eabi/9.3.1/thumb/v6-m/nofp\libgcc.a(floatunsidf.o)
