main.c:93:5:filter	56	static
main.c:101:5:compare	16	static
main.c:106:5:filterFMFrequency	40	static
main.c:119:5:filterAMFrequency	40	static
main.c:132:8:getCalibrationValue	32	static
main.c:151:6:HAL_TIM_PeriodElapsedCallback	64	static
main.c:232:5:main	8	static
main.c:293:6:SystemClock_Config	112	static
main.c:344:13:MX_ADC1_Init	24	static
main.c:401:13:MX_TIM1_Init	40	static
main.c:451:13:MX_TIM3_Init	40	static
main.c:499:13:MX_TIM14_Init	8	static
main.c:530:13:MX_TIM16_Init	8	static
main.c:562:13:MX_TIM17_Init	8	static
main.c:594:13:MX_GPIO_Init	56	static
main.c:646:6:Error_Handler	8	static,ignoring_inline_asm
